// Jest Snapshot v1, https://goo.gl/fbAQLP

exports[`The createScenegraph() utility can transform a scene specification into a scenegraph 1`] = `
Object {
  "channelHandlers": Object {},
  "root": Mark {
    "items": Array [
      Object {
        "channels": Object {},
        "cornerRadius": 0,
        "fill": "none",
        "height": 250,
        "items": Array [
          Mark {
            "items": Array [
              AreaItem {
                "channels": Object {},
                "fill": "none",
                "interpolate": "linear",
                "itemtype": "area",
                "metadata": Object {
                  "id": ".root.area.0",
                  "index": 0,
                },
                "name": undefined,
                "nodetype": "item",
                "orient": "vertical",
                "role": undefined,
                "stroke": "none",
                "strokeCap": "butt",
                "strokeJoin": "miter",
                "x": undefined,
                "y": undefined,
                "y2": 0,
                "zIndex": 0,
              },
            ],
            "marktype": "area",
            "metadata": Object {},
            "nodetype": "mark",
          },
        ],
        "itemtype": "group",
        "metadata": Object {
          "id": ".root.0",
          "index": 0,
        },
        "name": "root",
        "nodetype": "item",
        "role": "frame",
        "stroke": "none",
        "strokeCap": "butt",
        "strokeJoin": "miter",
        "width": 250,
        "x": 0,
        "x2": 250,
        "y": 0,
        "y2": 250,
        "zIndex": 0,
      },
    ],
    "marktype": "group",
    "metadata": Object {},
    "nodetype": "mark",
  },
}
`;
